// Jest Snapshot v1, https://goo.gl/fbAQLP

exports[`[SCREENS] App Should render correctly 1`] = `
<div>
  Hello World
</div>
`;
