// Jest Snapshot v1, https://goo.gl/fbAQLP

exports[`[COMPONENTS] TaskItem Should render correctly 1`] = `
.c0 {
  display: -webkit-box;
  display: -webkit-flex;
  display: -ms-flexbox;
  display: flex;
  width: 100%;
  max-width: 400px;
  height: 60px;
  margin-left: 20px;
  cursor: pointer;
  -webkit-transition: all 0.5s ease;
  transition: all 0.5s ease;
  margin: 15px;
}

.c0:hover {
  -webkit-box-shadow: 0px 2px 17px -5px rgba(0,0,0,0.75);
  -moz-box-shadow: 0px 2px 17px -5px rgba(0,0,0,0.75);
  box-shadow: 0px 2px 17px -5px rgba(0,0,0,0.75);
  -webkit-transition: all 0.5s ease;
  transition: all 0.5s ease;
}

.c2 {
  background-color: #2A2C30;
  width: 97.5%;
  border-top-right-radius: 6px;
  border-bottom-right-radius: 6px;
  padding: 10px;
}

.c1 {
  background-color: #2ECC71;
  width: 2.5%;
  margin-right: 2px;
  border-top-left-radius: 6px;
  border-bottom-left-radius: 6px;
}

.c3 {
  display: -webkit-box;
  display: -webkit-flex;
  display: -ms-flexbox;
  display: flex;
  -webkit-flex-direction: column;
  -ms-flex-direction: column;
  flex-direction: column;
}

.c4 {
  text-align: center;
  text-transform: uppercase;
  font-weight: bold;
  color: #FFF;
  -webkit-align-self: center;
  -ms-flex-item-align: center;
  align-self: center;
}

.c5 {
  text-align: end;
  font-size: 12px;
  color: #FFF;
}

<div>
  <div
    class="c0"
  >
    <div
      class="c1"
    />
    <div
      class="c2"
    >
      <div
        class="c3"
      >
        <span
          class="c4"
        >
          Fazer caf√©
        </span>
        <span
          class="c5"
        >
          15 minutos
        </span>
      </div>
    </div>
  </div>
</div>
`;
