// Jest Snapshot v1, https://goo.gl/fbAQLP

exports[`[COMPONENTS] Form Should render correctly 1`] = `
<div>
  <form
    class="sc-bdVaJa hmXIMj"
  >
    <div
      class="sc-bwzfXH MKmUa"
    >
      <input
        class="sc-htpNat cjsJFF"
        placeholder="Task name"
        type="text"
        value=""
      />
      <input
        class="sc-htpNat cjsJFF"
        placeholder="Estimated time"
        type="text"
        value=""
      />
      <button
        class="sc-bxivhb jzHhFC"
        type="submit"
      >
        Create
      </button>
    </div>
  </form>
</div>
`;
